Generating data for encoder 0
BertModel loaded from: transformers.models.bert.modeling_bert
Transformers module loaded from: /media/a40-ko-lab/secondary/sayed/Sayed/torch_sayed/lib/python3.10/site-packages/transformers/__init__.py
01/27/2025 08:59:02 - WARNING - __main__ - Process rank: 0, device: cuda:0, n_gpu: 1, distributed training: False, 16-bits training: False
01/27/2025 08:59:02 - INFO - __main__ - Training/evaluation parameters TrainingArguments(
_n_gpu=1,
accelerator_config={'split_batches': False, 'dispatch_batches': None, 'even_batches': True, 'use_seedable_sampler': True, 'non_blocking': False, 'gradient_accumulation_kwargs': None, 'use_configured_state': False},
adafactor=False,
adam_beta1=0.9,
adam_beta2=0.999,
adam_epsilon=1e-08,
auto_find_batch_size=False,
batch_eval_metrics=False,
bf16=False,
bf16_full_eval=False,
data_seed=None,
dataloader_drop_last=False,
dataloader_num_workers=0,
dataloader_persistent_workers=False,
dataloader_pin_memory=True,
dataloader_prefetch_factor=None,
ddp_backend=None,
ddp_broadcast_buffers=None,
ddp_bucket_cap_mb=None,
ddp_find_unused_parameters=None,
ddp_timeout=1800,
debug=[],
deepspeed=None,
disable_tqdm=False,
dispatch_batches=None,
do_eval=True,
do_predict=False,
do_train=True,
eval_accumulation_steps=None,
eval_delay=0,
eval_do_concat_batches=True,
eval_steps=None,
eval_strategy=no,
evaluation_strategy=None,
fp16=False,
fp16_backend=auto,
fp16_full_eval=False,
fp16_opt_level=O1,
fsdp=[],
fsdp_config={'min_num_params': 0, 'xla': False, 'xla_fsdp_v2': False, 'xla_fsdp_grad_ckpt': False},
fsdp_min_num_params=0,
fsdp_transformer_layer_cls_to_wrap=None,
full_determinism=False,
gradient_accumulation_steps=1,
gradient_checkpointing=False,
gradient_checkpointing_kwargs=None,
greater_is_better=None,
group_by_length=False,
half_precision_backend=auto,
hub_always_push=False,
hub_model_id=None,
hub_private_repo=False,
hub_strategy=every_save,
hub_token=<HUB_TOKEN>,
ignore_data_skip=False,
include_inputs_for_metrics=False,
include_num_input_tokens_seen=False,
include_tokens_per_second=False,
jit_mode_eval=False,
label_names=None,
label_smoothing_factor=0.0,
learning_rate=2e-05,
length_column_name=length,
load_best_model_at_end=False,
local_rank=0,
log_level=passive,
log_level_replica=warning,
log_on_each_node=True,
logging_dir=/tmp/cb/runs/Jan27_08-59-02_a40kolab,
logging_first_step=False,
logging_nan_inf_filter=True,
logging_steps=500,
logging_strategy=steps,
lr_scheduler_kwargs={},
lr_scheduler_type=linear,
max_grad_norm=1.0,
max_steps=-1,
metric_for_best_model=None,
mp_parameters=,
neftune_noise_alpha=None,
no_cuda=False,
num_train_epochs=1.0,
optim=adamw_torch,
optim_args=None,
optim_target_modules=None,
output_dir=/tmp/cb/,
overwrite_output_dir=True,
past_index=-1,
per_device_eval_batch_size=8,
per_device_train_batch_size=32,
prediction_loss_only=False,
push_to_hub=False,
push_to_hub_model_id=None,
push_to_hub_organization=None,
push_to_hub_token=<PUSH_TO_HUB_TOKEN>,
ray_scope=last,
remove_unused_columns=True,
report_to=[],
restore_callback_states_from_checkpoint=False,
resume_from_checkpoint=None,
run_name=/tmp/cb/,
save_on_each_node=False,
save_only_model=False,
save_safetensors=True,
save_steps=500,
save_strategy=steps,
save_total_limit=None,
seed=42,
skip_memory_metrics=True,
split_batches=None,
tf32=None,
torch_compile=False,
torch_compile_backend=None,
torch_compile_mode=None,
torchdynamo=None,
tpu_metrics_debug=False,
tpu_num_cores=None,
use_cpu=False,
use_ipex=False,
use_legacy_prediction_loop=False,
use_mps_device=False,
warmup_ratio=0.0,
warmup_steps=0,
weight_decay=0.0,
)
01/27/2025 08:59:03 - INFO - datasets.info - Loading Dataset Infos from /home/a40-ko-lab/.cache/huggingface/modules/datasets_modules/datasets/aps--super_glue/bb9675f958ebfee0d5d6dc5476fafe38c79123727a7258d515c450873dbdbbed
01/27/2025 08:59:03 - INFO - datasets.builder - Overwrite dataset info from restored data version if exists.
01/27/2025 08:59:03 - INFO - datasets.info - Loading Dataset info from /home/a40-ko-lab/.cache/huggingface/datasets/aps___super_glue/cb/1.0.3/bb9675f958ebfee0d5d6dc5476fafe38c79123727a7258d515c450873dbdbbed
01/27/2025 08:59:03 - INFO - datasets.builder - Found cached dataset super_glue (/home/a40-ko-lab/.cache/huggingface/datasets/aps___super_glue/cb/1.0.3/bb9675f958ebfee0d5d6dc5476fafe38c79123727a7258d515c450873dbdbbed)
01/27/2025 08:59:03 - INFO - datasets.info - Loading Dataset info from /home/a40-ko-lab/.cache/huggingface/datasets/aps___super_glue/cb/1.0.3/bb9675f958ebfee0d5d6dc5476fafe38c79123727a7258d515c450873dbdbbed
Saved dataset to disk
01/27/2025 08:59:03 - INFO - datasets.arrow_dataset - Loading cached processed dataset at /home/a40-ko-lab/.cache/huggingface/datasets/aps___super_glue/cb/1.0.3/bb9675f958ebfee0d5d6dc5476fafe38c79123727a7258d515c450873dbdbbed/cache-d62d0b32975310a8.arrow
 ----------- Preprocessed result ----------- 
Input id lens :  250 128
attention mask lens :  250 128
01/27/2025 08:59:04 - INFO - datasets.arrow_dataset - Caching processed dataset at /home/a40-ko-lab/.cache/huggingface/datasets/aps___super_glue/cb/1.0.3/bb9675f958ebfee0d5d6dc5476fafe38c79123727a7258d515c450873dbdbbed/cache-5d6f497ffed5d1db.arrow
 ----------- Preprocessed result ----------- 
Input id lens :  56 128
attention mask lens :  56 128
01/27/2025 08:59:04 - INFO - datasets.arrow_dataset - Caching processed dataset at /home/a40-ko-lab/.cache/huggingface/datasets/aps___super_glue/cb/1.0.3/bb9675f958ebfee0d5d6dc5476fafe38c79123727a7258d515c450873dbdbbed/cache-02e6037f179fda4b.arrow
 ----------- Preprocessed result ----------- 
Input id lens :  250 128
attention mask lens :  250 128
01/27/2025 08:59:04 - INFO - datasets.arrow_dataset - Caching processed dataset at /home/a40-ko-lab/.cache/huggingface/datasets/aps___super_glue/cb/1.0.3/bb9675f958ebfee0d5d6dc5476fafe38c79123727a7258d515c450873dbdbbed/cache-b484071e7bb3d12d.arrow
01/27/2025 08:59:04 - INFO - __main__ - Sample 163 of the training set: {'input_ids': [0, 250, 35, 6319, 47, 1432, 14, 182, 203, 50, 6, 163, 35, 23129, 6, 45, 269, 4, 38, 218, 75, 206, 932, 40, 655, 185, 81, 5, 1485, 4, 2, 2, 18891, 40, 185, 81, 5, 1485, 2, 1, 1, 1, 1, 1, 1, 1, 1, 1, 1, 1, 1, 1, 1, 1, 1, 1, 1, 1, 1, 1, 1, 1, 1, 1, 1, 1, 1, 1, 1, 1, 1, 1, 1, 1, 1, 1, 1, 1, 1, 1, 1, 1, 1, 1, 1, 1, 1, 1, 1, 1, 1, 1, 1, 1, 1, 1, 1, 1, 1, 1, 1, 1, 1, 1, 1, 1, 1, 1, 1, 1, 1, 1, 1, 1, 1, 1, 1, 1, 1, 1, 1, 1, 1, 1, 1, 1, 1, 1], 'attention_mask': [1, 1, 1, 1, 1, 1, 1, 1, 1, 1, 1, 1, 1, 1, 1, 1, 1, 1, 1, 1, 1, 1, 1, 1, 1, 1, 1, 1, 1, 1, 1, 1, 1, 1, 1, 1, 1, 1, 1, 0, 0, 0, 0, 0, 0, 0, 0, 0, 0, 0, 0, 0, 0, 0, 0, 0, 0, 0, 0, 0, 0, 0, 0, 0, 0, 0, 0, 0, 0, 0, 0, 0, 0, 0, 0, 0, 0, 0, 0, 0, 0, 0, 0, 0, 0, 0, 0, 0, 0, 0, 0, 0, 0, 0, 0, 0, 0, 0, 0, 0, 0, 0, 0, 0, 0, 0, 0, 0, 0, 0, 0, 0, 0, 0, 0, 0, 0, 0, 0, 0, 0, 0, 0, 0, 0, 0, 0, 0]}.
01/27/2025 08:59:05 - INFO - __main__ - *** Evaluate ***
***** eval metrics *****
  eval_runtime            = 0:00:02.57
  eval_samples            =        250
  eval_samples_per_second =     96.932
  eval_steps_per_second   =     12.407
Data generated succesfully
Generating data for encoder 1
BertModel loaded from: transformers.models.bert.modeling_bert
Transformers module loaded from: /media/a40-ko-lab/secondary/sayed/Sayed/torch_sayed/lib/python3.10/site-packages/transformers/__init__.py
01/27/2025 08:59:12 - WARNING - __main__ - Process rank: 0, device: cuda:0, n_gpu: 1, distributed training: False, 16-bits training: False
01/27/2025 08:59:12 - INFO - __main__ - Training/evaluation parameters TrainingArguments(
_n_gpu=1,
accelerator_config={'split_batches': False, 'dispatch_batches': None, 'even_batches': True, 'use_seedable_sampler': True, 'non_blocking': False, 'gradient_accumulation_kwargs': None, 'use_configured_state': False},
adafactor=False,
adam_beta1=0.9,
adam_beta2=0.999,
adam_epsilon=1e-08,
auto_find_batch_size=False,
batch_eval_metrics=False,
bf16=False,
bf16_full_eval=False,
data_seed=None,
dataloader_drop_last=False,
dataloader_num_workers=0,
dataloader_persistent_workers=False,
dataloader_pin_memory=True,
dataloader_prefetch_factor=None,
ddp_backend=None,
ddp_broadcast_buffers=None,
ddp_bucket_cap_mb=None,
ddp_find_unused_parameters=None,
ddp_timeout=1800,
debug=[],
deepspeed=None,
disable_tqdm=False,
dispatch_batches=None,
do_eval=True,
do_predict=False,
do_train=True,
eval_accumulation_steps=None,
eval_delay=0,
eval_do_concat_batches=True,
eval_steps=None,
eval_strategy=no,
evaluation_strategy=None,
fp16=False,
fp16_backend=auto,
fp16_full_eval=False,
fp16_opt_level=O1,
fsdp=[],
fsdp_config={'min_num_params': 0, 'xla': False, 'xla_fsdp_v2': False, 'xla_fsdp_grad_ckpt': False},
fsdp_min_num_params=0,
fsdp_transformer_layer_cls_to_wrap=None,
full_determinism=False,
gradient_accumulation_steps=1,
gradient_checkpointing=False,
gradient_checkpointing_kwargs=None,
greater_is_better=None,
group_by_length=False,
half_precision_backend=auto,
hub_always_push=False,
hub_model_id=None,
hub_private_repo=False,
hub_strategy=every_save,
hub_token=<HUB_TOKEN>,
ignore_data_skip=False,
include_inputs_for_metrics=False,
include_num_input_tokens_seen=False,
include_tokens_per_second=False,
jit_mode_eval=False,
label_names=None,
label_smoothing_factor=0.0,
learning_rate=2e-05,
length_column_name=length,
load_best_model_at_end=False,
local_rank=0,
log_level=passive,
log_level_replica=warning,
log_on_each_node=True,
logging_dir=/tmp/cb/runs/Jan27_08-59-12_a40kolab,
logging_first_step=False,
logging_nan_inf_filter=True,
logging_steps=500,
logging_strategy=steps,
lr_scheduler_kwargs={},
lr_scheduler_type=linear,
max_grad_norm=1.0,
max_steps=-1,
metric_for_best_model=None,
mp_parameters=,
neftune_noise_alpha=None,
no_cuda=False,
num_train_epochs=1.0,
optim=adamw_torch,
optim_args=None,
optim_target_modules=None,
output_dir=/tmp/cb/,
overwrite_output_dir=True,
past_index=-1,
per_device_eval_batch_size=8,
per_device_train_batch_size=32,
prediction_loss_only=False,
push_to_hub=False,
push_to_hub_model_id=None,
push_to_hub_organization=None,
push_to_hub_token=<PUSH_TO_HUB_TOKEN>,
ray_scope=last,
remove_unused_columns=True,
report_to=[],
restore_callback_states_from_checkpoint=False,
resume_from_checkpoint=None,
run_name=/tmp/cb/,
save_on_each_node=False,
save_only_model=False,
save_safetensors=True,
save_steps=500,
save_strategy=steps,
save_total_limit=None,
seed=42,
skip_memory_metrics=True,
split_batches=None,
tf32=None,
torch_compile=False,
torch_compile_backend=None,
torch_compile_mode=None,
torchdynamo=None,
tpu_metrics_debug=False,
tpu_num_cores=None,
use_cpu=False,
use_ipex=False,
use_legacy_prediction_loop=False,
use_mps_device=False,
warmup_ratio=0.0,
warmup_steps=0,
weight_decay=0.0,
)
Loaded dataset from disk
01/27/2025 08:59:12 - INFO - datasets.arrow_dataset - Caching processed dataset at /media/a40-ko-lab/secondary/sayed/Sayed/transformers/weight_sharing/modular_superglue/downloads/cb/train/cache-5fd422fa02e617e8.arrow
 ----------- Preprocessed result ----------- 
Input id lens :  250 128
attention mask lens :  250 128
01/27/2025 08:59:12 - INFO - datasets.arrow_dataset - Caching processed dataset at /media/a40-ko-lab/secondary/sayed/Sayed/transformers/weight_sharing/modular_superglue/downloads/cb/train/cache-dc5c65e513e131b5.arrow
 ----------- Preprocessed result ----------- 
Input id lens :  56 128
attention mask lens :  56 128
01/27/2025 08:59:12 - INFO - datasets.arrow_dataset - Caching processed dataset at /media/a40-ko-lab/secondary/sayed/Sayed/transformers/weight_sharing/modular_superglue/downloads/cb/validation/cache-9868cb7a7863ca3d.arrow
 ----------- Preprocessed result ----------- 
Input id lens :  250 128
attention mask lens :  250 128
01/27/2025 08:59:12 - INFO - datasets.arrow_dataset - Caching processed dataset at /media/a40-ko-lab/secondary/sayed/Sayed/transformers/weight_sharing/modular_superglue/downloads/cb/test/cache-be58ac23e0ce00a9.arrow
01/27/2025 08:59:12 - INFO - __main__ - Sample 163 of the training set: {'input_ids': [0, 250, 35, 6319, 47, 1432, 14, 182, 203, 50, 6, 163, 35, 23129, 6, 45, 269, 4, 38, 218, 75, 206, 932, 40, 655, 185, 81, 5, 1485, 4, 2, 2, 18891, 40, 185, 81, 5, 1485, 2, 1, 1, 1, 1, 1, 1, 1, 1, 1, 1, 1, 1, 1, 1, 1, 1, 1, 1, 1, 1, 1, 1, 1, 1, 1, 1, 1, 1, 1, 1, 1, 1, 1, 1, 1, 1, 1, 1, 1, 1, 1, 1, 1, 1, 1, 1, 1, 1, 1, 1, 1, 1, 1, 1, 1, 1, 1, 1, 1, 1, 1, 1, 1, 1, 1, 1, 1, 1, 1, 1, 1, 1, 1, 1, 1, 1, 1, 1, 1, 1, 1, 1, 1, 1, 1, 1, 1, 1, 1], 'attention_mask': [1, 1, 1, 1, 1, 1, 1, 1, 1, 1, 1, 1, 1, 1, 1, 1, 1, 1, 1, 1, 1, 1, 1, 1, 1, 1, 1, 1, 1, 1, 1, 1, 1, 1, 1, 1, 1, 1, 1, 0, 0, 0, 0, 0, 0, 0, 0, 0, 0, 0, 0, 0, 0, 0, 0, 0, 0, 0, 0, 0, 0, 0, 0, 0, 0, 0, 0, 0, 0, 0, 0, 0, 0, 0, 0, 0, 0, 0, 0, 0, 0, 0, 0, 0, 0, 0, 0, 0, 0, 0, 0, 0, 0, 0, 0, 0, 0, 0, 0, 0, 0, 0, 0, 0, 0, 0, 0, 0, 0, 0, 0, 0, 0, 0, 0, 0, 0, 0, 0, 0, 0, 0, 0, 0, 0, 0, 0, 0]}.
01/27/2025 08:59:13 - INFO - __main__ - *** Evaluate ***
***** eval metrics *****
  eval_runtime            = 0:00:02.63
  eval_samples            =        250
  eval_samples_per_second =     94.849
  eval_steps_per_second   =     12.141
Data generated succesfully
Generating data for encoder 2
BertModel loaded from: transformers.models.bert.modeling_bert
Transformers module loaded from: /media/a40-ko-lab/secondary/sayed/Sayed/torch_sayed/lib/python3.10/site-packages/transformers/__init__.py
01/27/2025 08:59:20 - WARNING - __main__ - Process rank: 0, device: cuda:0, n_gpu: 1, distributed training: False, 16-bits training: False
01/27/2025 08:59:20 - INFO - __main__ - Training/evaluation parameters TrainingArguments(
_n_gpu=1,
accelerator_config={'split_batches': False, 'dispatch_batches': None, 'even_batches': True, 'use_seedable_sampler': True, 'non_blocking': False, 'gradient_accumulation_kwargs': None, 'use_configured_state': False},
adafactor=False,
adam_beta1=0.9,
adam_beta2=0.999,
adam_epsilon=1e-08,
auto_find_batch_size=False,
batch_eval_metrics=False,
bf16=False,
bf16_full_eval=False,
data_seed=None,
dataloader_drop_last=False,
dataloader_num_workers=0,
dataloader_persistent_workers=False,
dataloader_pin_memory=True,
dataloader_prefetch_factor=None,
ddp_backend=None,
ddp_broadcast_buffers=None,
ddp_bucket_cap_mb=None,
ddp_find_unused_parameters=None,
ddp_timeout=1800,
debug=[],
deepspeed=None,
disable_tqdm=False,
dispatch_batches=None,
do_eval=True,
do_predict=False,
do_train=True,
eval_accumulation_steps=None,
eval_delay=0,
eval_do_concat_batches=True,
eval_steps=None,
eval_strategy=no,
evaluation_strategy=None,
fp16=False,
fp16_backend=auto,
fp16_full_eval=False,
fp16_opt_level=O1,
fsdp=[],
fsdp_config={'min_num_params': 0, 'xla': False, 'xla_fsdp_v2': False, 'xla_fsdp_grad_ckpt': False},
fsdp_min_num_params=0,
fsdp_transformer_layer_cls_to_wrap=None,
full_determinism=False,
gradient_accumulation_steps=1,
gradient_checkpointing=False,
gradient_checkpointing_kwargs=None,
greater_is_better=None,
group_by_length=False,
half_precision_backend=auto,
hub_always_push=False,
hub_model_id=None,
hub_private_repo=False,
hub_strategy=every_save,
hub_token=<HUB_TOKEN>,
ignore_data_skip=False,
include_inputs_for_metrics=False,
include_num_input_tokens_seen=False,
include_tokens_per_second=False,
jit_mode_eval=False,
label_names=None,
label_smoothing_factor=0.0,
learning_rate=2e-05,
length_column_name=length,
load_best_model_at_end=False,
local_rank=0,
log_level=passive,
log_level_replica=warning,
log_on_each_node=True,
logging_dir=/tmp/cb/runs/Jan27_08-59-20_a40kolab,
logging_first_step=False,
logging_nan_inf_filter=True,
logging_steps=500,
logging_strategy=steps,
lr_scheduler_kwargs={},
lr_scheduler_type=linear,
max_grad_norm=1.0,
max_steps=-1,
metric_for_best_model=None,
mp_parameters=,
neftune_noise_alpha=None,
no_cuda=False,
num_train_epochs=1.0,
optim=adamw_torch,
optim_args=None,
optim_target_modules=None,
output_dir=/tmp/cb/,
overwrite_output_dir=True,
past_index=-1,
per_device_eval_batch_size=8,
per_device_train_batch_size=32,
prediction_loss_only=False,
push_to_hub=False,
push_to_hub_model_id=None,
push_to_hub_organization=None,
push_to_hub_token=<PUSH_TO_HUB_TOKEN>,
ray_scope=last,
remove_unused_columns=True,
report_to=[],
restore_callback_states_from_checkpoint=False,
resume_from_checkpoint=None,
run_name=/tmp/cb/,
save_on_each_node=False,
save_only_model=False,
save_safetensors=True,
save_steps=500,
save_strategy=steps,
save_total_limit=None,
seed=42,
skip_memory_metrics=True,
split_batches=None,
tf32=None,
torch_compile=False,
torch_compile_backend=None,
torch_compile_mode=None,
torchdynamo=None,
tpu_metrics_debug=False,
tpu_num_cores=None,
use_cpu=False,
use_ipex=False,
use_legacy_prediction_loop=False,
use_mps_device=False,
warmup_ratio=0.0,
warmup_steps=0,
weight_decay=0.0,
)
Loaded dataset from disk
01/27/2025 08:59:20 - INFO - datasets.arrow_dataset - Loading cached processed dataset at /media/a40-ko-lab/secondary/sayed/Sayed/transformers/weight_sharing/modular_superglue/downloads/cb/train/cache-5fd422fa02e617e8.arrow
01/27/2025 08:59:20 - INFO - datasets.arrow_dataset - Loading cached processed dataset at /media/a40-ko-lab/secondary/sayed/Sayed/transformers/weight_sharing/modular_superglue/downloads/cb/train/cache-dc5c65e513e131b5.arrow
 ----------- Preprocessed result ----------- 
Input id lens :  56 128
attention mask lens :  56 128
01/27/2025 08:59:21 - INFO - datasets.arrow_dataset - Caching processed dataset at /media/a40-ko-lab/secondary/sayed/Sayed/transformers/weight_sharing/modular_superglue/downloads/cb/validation/cache-74693fef6d1364a6.arrow
01/27/2025 08:59:21 - INFO - datasets.arrow_dataset - Loading cached processed dataset at /media/a40-ko-lab/secondary/sayed/Sayed/transformers/weight_sharing/modular_superglue/downloads/cb/test/cache-be58ac23e0ce00a9.arrow
01/27/2025 08:59:21 - INFO - __main__ - Sample 163 of the training set: {'input_ids': [0, 250, 35, 6319, 47, 1432, 14, 182, 203, 50, 6, 163, 35, 23129, 6, 45, 269, 4, 38, 218, 75, 206, 932, 40, 655, 185, 81, 5, 1485, 4, 2, 2, 18891, 40, 185, 81, 5, 1485, 2, 1, 1, 1, 1, 1, 1, 1, 1, 1, 1, 1, 1, 1, 1, 1, 1, 1, 1, 1, 1, 1, 1, 1, 1, 1, 1, 1, 1, 1, 1, 1, 1, 1, 1, 1, 1, 1, 1, 1, 1, 1, 1, 1, 1, 1, 1, 1, 1, 1, 1, 1, 1, 1, 1, 1, 1, 1, 1, 1, 1, 1, 1, 1, 1, 1, 1, 1, 1, 1, 1, 1, 1, 1, 1, 1, 1, 1, 1, 1, 1, 1, 1, 1, 1, 1, 1, 1, 1, 1], 'attention_mask': [1, 1, 1, 1, 1, 1, 1, 1, 1, 1, 1, 1, 1, 1, 1, 1, 1, 1, 1, 1, 1, 1, 1, 1, 1, 1, 1, 1, 1, 1, 1, 1, 1, 1, 1, 1, 1, 1, 1, 0, 0, 0, 0, 0, 0, 0, 0, 0, 0, 0, 0, 0, 0, 0, 0, 0, 0, 0, 0, 0, 0, 0, 0, 0, 0, 0, 0, 0, 0, 0, 0, 0, 0, 0, 0, 0, 0, 0, 0, 0, 0, 0, 0, 0, 0, 0, 0, 0, 0, 0, 0, 0, 0, 0, 0, 0, 0, 0, 0, 0, 0, 0, 0, 0, 0, 0, 0, 0, 0, 0, 0, 0, 0, 0, 0, 0, 0, 0, 0, 0, 0, 0, 0, 0, 0, 0, 0, 0]}.
01/27/2025 08:59:21 - INFO - __main__ - *** Evaluate ***
***** eval metrics *****
  eval_runtime            = 0:00:02.64
  eval_samples            =        250
  eval_samples_per_second =      94.53
  eval_steps_per_second   =       12.1
Data generated succesfully
Generating data for encoder 3
BertModel loaded from: transformers.models.bert.modeling_bert
Transformers module loaded from: /media/a40-ko-lab/secondary/sayed/Sayed/torch_sayed/lib/python3.10/site-packages/transformers/__init__.py
01/27/2025 08:59:28 - WARNING - __main__ - Process rank: 0, device: cuda:0, n_gpu: 1, distributed training: False, 16-bits training: False
01/27/2025 08:59:28 - INFO - __main__ - Training/evaluation parameters TrainingArguments(
_n_gpu=1,
accelerator_config={'split_batches': False, 'dispatch_batches': None, 'even_batches': True, 'use_seedable_sampler': True, 'non_blocking': False, 'gradient_accumulation_kwargs': None, 'use_configured_state': False},
adafactor=False,
adam_beta1=0.9,
adam_beta2=0.999,
adam_epsilon=1e-08,
auto_find_batch_size=False,
batch_eval_metrics=False,
bf16=False,
bf16_full_eval=False,
data_seed=None,
dataloader_drop_last=False,
dataloader_num_workers=0,
dataloader_persistent_workers=False,
dataloader_pin_memory=True,
dataloader_prefetch_factor=None,
ddp_backend=None,
ddp_broadcast_buffers=None,
ddp_bucket_cap_mb=None,
ddp_find_unused_parameters=None,
ddp_timeout=1800,
debug=[],
deepspeed=None,
disable_tqdm=False,
dispatch_batches=None,
do_eval=True,
do_predict=False,
do_train=True,
eval_accumulation_steps=None,
eval_delay=0,
eval_do_concat_batches=True,
eval_steps=None,
eval_strategy=no,
evaluation_strategy=None,
fp16=False,
fp16_backend=auto,
fp16_full_eval=False,
fp16_opt_level=O1,
fsdp=[],
fsdp_config={'min_num_params': 0, 'xla': False, 'xla_fsdp_v2': False, 'xla_fsdp_grad_ckpt': False},
fsdp_min_num_params=0,
fsdp_transformer_layer_cls_to_wrap=None,
full_determinism=False,
gradient_accumulation_steps=1,
gradient_checkpointing=False,
gradient_checkpointing_kwargs=None,
greater_is_better=None,
group_by_length=False,
half_precision_backend=auto,
hub_always_push=False,
hub_model_id=None,
hub_private_repo=False,
hub_strategy=every_save,
hub_token=<HUB_TOKEN>,
ignore_data_skip=False,
include_inputs_for_metrics=False,
include_num_input_tokens_seen=False,
include_tokens_per_second=False,
jit_mode_eval=False,
label_names=None,
label_smoothing_factor=0.0,
learning_rate=2e-05,
length_column_name=length,
load_best_model_at_end=False,
local_rank=0,
log_level=passive,
log_level_replica=warning,
log_on_each_node=True,
logging_dir=/tmp/cb/runs/Jan27_08-59-28_a40kolab,
logging_first_step=False,
logging_nan_inf_filter=True,
logging_steps=500,
logging_strategy=steps,
lr_scheduler_kwargs={},
lr_scheduler_type=linear,
max_grad_norm=1.0,
max_steps=-1,
metric_for_best_model=None,
mp_parameters=,
neftune_noise_alpha=None,
no_cuda=False,
num_train_epochs=1.0,
optim=adamw_torch,
optim_args=None,
optim_target_modules=None,
output_dir=/tmp/cb/,
overwrite_output_dir=True,
past_index=-1,
per_device_eval_batch_size=8,
per_device_train_batch_size=32,
prediction_loss_only=False,
push_to_hub=False,
push_to_hub_model_id=None,
push_to_hub_organization=None,
push_to_hub_token=<PUSH_TO_HUB_TOKEN>,
ray_scope=last,
remove_unused_columns=True,
report_to=[],
restore_callback_states_from_checkpoint=False,
resume_from_checkpoint=None,
run_name=/tmp/cb/,
save_on_each_node=False,
save_only_model=False,
save_safetensors=True,
save_steps=500,
save_strategy=steps,
save_total_limit=None,
seed=42,
skip_memory_metrics=True,
split_batches=None,
tf32=None,
torch_compile=False,
torch_compile_backend=None,
torch_compile_mode=None,
torchdynamo=None,
tpu_metrics_debug=False,
tpu_num_cores=None,
use_cpu=False,
use_ipex=False,
use_legacy_prediction_loop=False,
use_mps_device=False,
warmup_ratio=0.0,
warmup_steps=0,
weight_decay=0.0,
)
Loaded dataset from disk
01/27/2025 08:59:28 - INFO - datasets.arrow_dataset - Loading cached processed dataset at /media/a40-ko-lab/secondary/sayed/Sayed/transformers/weight_sharing/modular_superglue/downloads/cb/train/cache-5fd422fa02e617e8.arrow
01/27/2025 08:59:29 - INFO - datasets.arrow_dataset - Loading cached processed dataset at /media/a40-ko-lab/secondary/sayed/Sayed/transformers/weight_sharing/modular_superglue/downloads/cb/train/cache-dc5c65e513e131b5.arrow
01/27/2025 08:59:29 - INFO - datasets.arrow_dataset - Loading cached processed dataset at /media/a40-ko-lab/secondary/sayed/Sayed/transformers/weight_sharing/modular_superglue/downloads/cb/validation/cache-74693fef6d1364a6.arrow
 ----------- Preprocessed result ----------- 
Input id lens :  250 128
attention mask lens :  250 128
01/27/2025 08:59:29 - INFO - datasets.arrow_dataset - Caching processed dataset at /media/a40-ko-lab/secondary/sayed/Sayed/transformers/weight_sharing/modular_superglue/downloads/cb/test/cache-4e67dbb4b0aa1981.arrow
01/27/2025 08:59:29 - INFO - __main__ - Sample 163 of the training set: {'input_ids': [0, 250, 35, 6319, 47, 1432, 14, 182, 203, 50, 6, 163, 35, 23129, 6, 45, 269, 4, 38, 218, 75, 206, 932, 40, 655, 185, 81, 5, 1485, 4, 2, 2, 18891, 40, 185, 81, 5, 1485, 2, 1, 1, 1, 1, 1, 1, 1, 1, 1, 1, 1, 1, 1, 1, 1, 1, 1, 1, 1, 1, 1, 1, 1, 1, 1, 1, 1, 1, 1, 1, 1, 1, 1, 1, 1, 1, 1, 1, 1, 1, 1, 1, 1, 1, 1, 1, 1, 1, 1, 1, 1, 1, 1, 1, 1, 1, 1, 1, 1, 1, 1, 1, 1, 1, 1, 1, 1, 1, 1, 1, 1, 1, 1, 1, 1, 1, 1, 1, 1, 1, 1, 1, 1, 1, 1, 1, 1, 1, 1], 'attention_mask': [1, 1, 1, 1, 1, 1, 1, 1, 1, 1, 1, 1, 1, 1, 1, 1, 1, 1, 1, 1, 1, 1, 1, 1, 1, 1, 1, 1, 1, 1, 1, 1, 1, 1, 1, 1, 1, 1, 1, 0, 0, 0, 0, 0, 0, 0, 0, 0, 0, 0, 0, 0, 0, 0, 0, 0, 0, 0, 0, 0, 0, 0, 0, 0, 0, 0, 0, 0, 0, 0, 0, 0, 0, 0, 0, 0, 0, 0, 0, 0, 0, 0, 0, 0, 0, 0, 0, 0, 0, 0, 0, 0, 0, 0, 0, 0, 0, 0, 0, 0, 0, 0, 0, 0, 0, 0, 0, 0, 0, 0, 0, 0, 0, 0, 0, 0, 0, 0, 0, 0, 0, 0, 0, 0, 0, 0, 0, 0]}.
01/27/2025 08:59:29 - INFO - __main__ - *** Evaluate ***
***** eval metrics *****
  eval_runtime            = 0:00:02.66
  eval_samples            =        250
  eval_samples_per_second =     93.973
  eval_steps_per_second   =     12.029
Data generated succesfully
Generating data for encoder 4
BertModel loaded from: transformers.models.bert.modeling_bert
Transformers module loaded from: /media/a40-ko-lab/secondary/sayed/Sayed/torch_sayed/lib/python3.10/site-packages/transformers/__init__.py
01/27/2025 08:59:37 - WARNING - __main__ - Process rank: 0, device: cuda:0, n_gpu: 1, distributed training: False, 16-bits training: False
01/27/2025 08:59:37 - INFO - __main__ - Training/evaluation parameters TrainingArguments(
_n_gpu=1,
accelerator_config={'split_batches': False, 'dispatch_batches': None, 'even_batches': True, 'use_seedable_sampler': True, 'non_blocking': False, 'gradient_accumulation_kwargs': None, 'use_configured_state': False},
adafactor=False,
adam_beta1=0.9,
adam_beta2=0.999,
adam_epsilon=1e-08,
auto_find_batch_size=False,
batch_eval_metrics=False,
bf16=False,
bf16_full_eval=False,
data_seed=None,
dataloader_drop_last=False,
dataloader_num_workers=0,
dataloader_persistent_workers=False,
dataloader_pin_memory=True,
dataloader_prefetch_factor=None,
ddp_backend=None,
ddp_broadcast_buffers=None,
ddp_bucket_cap_mb=None,
ddp_find_unused_parameters=None,
ddp_timeout=1800,
debug=[],
deepspeed=None,
disable_tqdm=False,
dispatch_batches=None,
do_eval=True,
do_predict=False,
do_train=True,
eval_accumulation_steps=None,
eval_delay=0,
eval_do_concat_batches=True,
eval_steps=None,
eval_strategy=no,
evaluation_strategy=None,
fp16=False,
fp16_backend=auto,
fp16_full_eval=False,
fp16_opt_level=O1,
fsdp=[],
fsdp_config={'min_num_params': 0, 'xla': False, 'xla_fsdp_v2': False, 'xla_fsdp_grad_ckpt': False},
fsdp_min_num_params=0,
fsdp_transformer_layer_cls_to_wrap=None,
full_determinism=False,
gradient_accumulation_steps=1,
gradient_checkpointing=False,
gradient_checkpointing_kwargs=None,
greater_is_better=None,
group_by_length=False,
half_precision_backend=auto,
hub_always_push=False,
hub_model_id=None,
hub_private_repo=False,
hub_strategy=every_save,
hub_token=<HUB_TOKEN>,
ignore_data_skip=False,
include_inputs_for_metrics=False,
include_num_input_tokens_seen=False,
include_tokens_per_second=False,
jit_mode_eval=False,
label_names=None,
label_smoothing_factor=0.0,
learning_rate=2e-05,
length_column_name=length,
load_best_model_at_end=False,
local_rank=0,
log_level=passive,
log_level_replica=warning,
log_on_each_node=True,
logging_dir=/tmp/cb/runs/Jan27_08-59-37_a40kolab,
logging_first_step=False,
logging_nan_inf_filter=True,
logging_steps=500,
logging_strategy=steps,
lr_scheduler_kwargs={},
lr_scheduler_type=linear,
max_grad_norm=1.0,
max_steps=-1,
metric_for_best_model=None,
mp_parameters=,
neftune_noise_alpha=None,
no_cuda=False,
num_train_epochs=1.0,
optim=adamw_torch,
optim_args=None,
optim_target_modules=None,
output_dir=/tmp/cb/,
overwrite_output_dir=True,
past_index=-1,
per_device_eval_batch_size=8,
per_device_train_batch_size=32,
prediction_loss_only=False,
push_to_hub=False,
push_to_hub_model_id=None,
push_to_hub_organization=None,
push_to_hub_token=<PUSH_TO_HUB_TOKEN>,
ray_scope=last,
remove_unused_columns=True,
report_to=[],
restore_callback_states_from_checkpoint=False,
resume_from_checkpoint=None,
run_name=/tmp/cb/,
save_on_each_node=False,
save_only_model=False,
save_safetensors=True,
save_steps=500,
save_strategy=steps,
save_total_limit=None,
seed=42,
skip_memory_metrics=True,
split_batches=None,
tf32=None,
torch_compile=False,
torch_compile_backend=None,
torch_compile_mode=None,
torchdynamo=None,
tpu_metrics_debug=False,
tpu_num_cores=None,
use_cpu=False,
use_ipex=False,
use_legacy_prediction_loop=False,
use_mps_device=False,
warmup_ratio=0.0,
warmup_steps=0,
weight_decay=0.0,
)
Loaded dataset from disk
01/27/2025 08:59:37 - INFO - datasets.arrow_dataset - Loading cached processed dataset at /media/a40-ko-lab/secondary/sayed/Sayed/transformers/weight_sharing/modular_superglue/downloads/cb/train/cache-5fd422fa02e617e8.arrow
01/27/2025 08:59:37 - INFO - datasets.arrow_dataset - Loading cached processed dataset at /media/a40-ko-lab/secondary/sayed/Sayed/transformers/weight_sharing/modular_superglue/downloads/cb/train/cache-dc5c65e513e131b5.arrow
01/27/2025 08:59:37 - INFO - datasets.arrow_dataset - Loading cached processed dataset at /media/a40-ko-lab/secondary/sayed/Sayed/transformers/weight_sharing/modular_superglue/downloads/cb/validation/cache-74693fef6d1364a6.arrow
01/27/2025 08:59:37 - INFO - datasets.arrow_dataset - Loading cached processed dataset at /media/a40-ko-lab/secondary/sayed/Sayed/transformers/weight_sharing/modular_superglue/downloads/cb/test/cache-4e67dbb4b0aa1981.arrow
01/27/2025 08:59:37 - INFO - __main__ - Sample 163 of the training set: {'input_ids': [0, 250, 35, 6319, 47, 1432, 14, 182, 203, 50, 6, 163, 35, 23129, 6, 45, 269, 4, 38, 218, 75, 206, 932, 40, 655, 185, 81, 5, 1485, 4, 2, 2, 18891, 40, 185, 81, 5, 1485, 2, 1, 1, 1, 1, 1, 1, 1, 1, 1, 1, 1, 1, 1, 1, 1, 1, 1, 1, 1, 1, 1, 1, 1, 1, 1, 1, 1, 1, 1, 1, 1, 1, 1, 1, 1, 1, 1, 1, 1, 1, 1, 1, 1, 1, 1, 1, 1, 1, 1, 1, 1, 1, 1, 1, 1, 1, 1, 1, 1, 1, 1, 1, 1, 1, 1, 1, 1, 1, 1, 1, 1, 1, 1, 1, 1, 1, 1, 1, 1, 1, 1, 1, 1, 1, 1, 1, 1, 1, 1], 'attention_mask': [1, 1, 1, 1, 1, 1, 1, 1, 1, 1, 1, 1, 1, 1, 1, 1, 1, 1, 1, 1, 1, 1, 1, 1, 1, 1, 1, 1, 1, 1, 1, 1, 1, 1, 1, 1, 1, 1, 1, 0, 0, 0, 0, 0, 0, 0, 0, 0, 0, 0, 0, 0, 0, 0, 0, 0, 0, 0, 0, 0, 0, 0, 0, 0, 0, 0, 0, 0, 0, 0, 0, 0, 0, 0, 0, 0, 0, 0, 0, 0, 0, 0, 0, 0, 0, 0, 0, 0, 0, 0, 0, 0, 0, 0, 0, 0, 0, 0, 0, 0, 0, 0, 0, 0, 0, 0, 0, 0, 0, 0, 0, 0, 0, 0, 0, 0, 0, 0, 0, 0, 0, 0, 0, 0, 0, 0, 0, 0]}.
01/27/2025 08:59:37 - INFO - __main__ - *** Evaluate ***
***** eval metrics *****
  eval_runtime            = 0:00:02.65
  eval_samples            =        250
  eval_samples_per_second =     94.102
  eval_steps_per_second   =     12.045
Data generated succesfully
Generating data for encoder 5
BertModel loaded from: transformers.models.bert.modeling_bert
Transformers module loaded from: /media/a40-ko-lab/secondary/sayed/Sayed/torch_sayed/lib/python3.10/site-packages/transformers/__init__.py
01/27/2025 08:59:45 - WARNING - __main__ - Process rank: 0, device: cuda:0, n_gpu: 1, distributed training: False, 16-bits training: False
01/27/2025 08:59:45 - INFO - __main__ - Training/evaluation parameters TrainingArguments(
_n_gpu=1,
accelerator_config={'split_batches': False, 'dispatch_batches': None, 'even_batches': True, 'use_seedable_sampler': True, 'non_blocking': False, 'gradient_accumulation_kwargs': None, 'use_configured_state': False},
adafactor=False,
adam_beta1=0.9,
adam_beta2=0.999,
adam_epsilon=1e-08,
auto_find_batch_size=False,
batch_eval_metrics=False,
bf16=False,
bf16_full_eval=False,
data_seed=None,
dataloader_drop_last=False,
dataloader_num_workers=0,
dataloader_persistent_workers=False,
dataloader_pin_memory=True,
dataloader_prefetch_factor=None,
ddp_backend=None,
ddp_broadcast_buffers=None,
ddp_bucket_cap_mb=None,
ddp_find_unused_parameters=None,
ddp_timeout=1800,
debug=[],
deepspeed=None,
disable_tqdm=False,
dispatch_batches=None,
do_eval=True,
do_predict=False,
do_train=True,
eval_accumulation_steps=None,
eval_delay=0,
eval_do_concat_batches=True,
eval_steps=None,
eval_strategy=no,
evaluation_strategy=None,
fp16=False,
fp16_backend=auto,
fp16_full_eval=False,
fp16_opt_level=O1,
fsdp=[],
fsdp_config={'min_num_params': 0, 'xla': False, 'xla_fsdp_v2': False, 'xla_fsdp_grad_ckpt': False},
fsdp_min_num_params=0,
fsdp_transformer_layer_cls_to_wrap=None,
full_determinism=False,
gradient_accumulation_steps=1,
gradient_checkpointing=False,
gradient_checkpointing_kwargs=None,
greater_is_better=None,
group_by_length=False,
half_precision_backend=auto,
hub_always_push=False,
hub_model_id=None,
hub_private_repo=False,
hub_strategy=every_save,
hub_token=<HUB_TOKEN>,
ignore_data_skip=False,
include_inputs_for_metrics=False,
include_num_input_tokens_seen=False,
include_tokens_per_second=False,
jit_mode_eval=False,
label_names=None,
label_smoothing_factor=0.0,
learning_rate=2e-05,
length_column_name=length,
load_best_model_at_end=False,
local_rank=0,
log_level=passive,
log_level_replica=warning,
log_on_each_node=True,
logging_dir=/tmp/cb/runs/Jan27_08-59-45_a40kolab,
logging_first_step=False,
logging_nan_inf_filter=True,
logging_steps=500,
logging_strategy=steps,
lr_scheduler_kwargs={},
lr_scheduler_type=linear,
max_grad_norm=1.0,
max_steps=-1,
metric_for_best_model=None,
mp_parameters=,
neftune_noise_alpha=None,
no_cuda=False,
num_train_epochs=1.0,
optim=adamw_torch,
optim_args=None,
optim_target_modules=None,
output_dir=/tmp/cb/,
overwrite_output_dir=True,
past_index=-1,
per_device_eval_batch_size=8,
per_device_train_batch_size=32,
prediction_loss_only=False,
push_to_hub=False,
push_to_hub_model_id=None,
push_to_hub_organization=None,
push_to_hub_token=<PUSH_TO_HUB_TOKEN>,
ray_scope=last,
remove_unused_columns=True,
report_to=[],
restore_callback_states_from_checkpoint=False,
resume_from_checkpoint=None,
run_name=/tmp/cb/,
save_on_each_node=False,
save_only_model=False,
save_safetensors=True,
save_steps=500,
save_strategy=steps,
save_total_limit=None,
seed=42,
skip_memory_metrics=True,
split_batches=None,
tf32=None,
torch_compile=False,
torch_compile_backend=None,
torch_compile_mode=None,
torchdynamo=None,
tpu_metrics_debug=False,
tpu_num_cores=None,
use_cpu=False,
use_ipex=False,
use_legacy_prediction_loop=False,
use_mps_device=False,
warmup_ratio=0.0,
warmup_steps=0,
weight_decay=0.0,
)
Loaded dataset from disk
01/27/2025 08:59:45 - INFO - datasets.arrow_dataset - Loading cached processed dataset at /media/a40-ko-lab/secondary/sayed/Sayed/transformers/weight_sharing/modular_superglue/downloads/cb/train/cache-5fd422fa02e617e8.arrow
01/27/2025 08:59:45 - INFO - datasets.arrow_dataset - Loading cached processed dataset at /media/a40-ko-lab/secondary/sayed/Sayed/transformers/weight_sharing/modular_superglue/downloads/cb/train/cache-dc5c65e513e131b5.arrow
01/27/2025 08:59:45 - INFO - datasets.arrow_dataset - Loading cached processed dataset at /media/a40-ko-lab/secondary/sayed/Sayed/transformers/weight_sharing/modular_superglue/downloads/cb/validation/cache-74693fef6d1364a6.arrow
01/27/2025 08:59:45 - INFO - datasets.arrow_dataset - Loading cached processed dataset at /media/a40-ko-lab/secondary/sayed/Sayed/transformers/weight_sharing/modular_superglue/downloads/cb/test/cache-4e67dbb4b0aa1981.arrow
01/27/2025 08:59:45 - INFO - __main__ - Sample 163 of the training set: {'input_ids': [0, 250, 35, 6319, 47, 1432, 14, 182, 203, 50, 6, 163, 35, 23129, 6, 45, 269, 4, 38, 218, 75, 206, 932, 40, 655, 185, 81, 5, 1485, 4, 2, 2, 18891, 40, 185, 81, 5, 1485, 2, 1, 1, 1, 1, 1, 1, 1, 1, 1, 1, 1, 1, 1, 1, 1, 1, 1, 1, 1, 1, 1, 1, 1, 1, 1, 1, 1, 1, 1, 1, 1, 1, 1, 1, 1, 1, 1, 1, 1, 1, 1, 1, 1, 1, 1, 1, 1, 1, 1, 1, 1, 1, 1, 1, 1, 1, 1, 1, 1, 1, 1, 1, 1, 1, 1, 1, 1, 1, 1, 1, 1, 1, 1, 1, 1, 1, 1, 1, 1, 1, 1, 1, 1, 1, 1, 1, 1, 1, 1], 'attention_mask': [1, 1, 1, 1, 1, 1, 1, 1, 1, 1, 1, 1, 1, 1, 1, 1, 1, 1, 1, 1, 1, 1, 1, 1, 1, 1, 1, 1, 1, 1, 1, 1, 1, 1, 1, 1, 1, 1, 1, 0, 0, 0, 0, 0, 0, 0, 0, 0, 0, 0, 0, 0, 0, 0, 0, 0, 0, 0, 0, 0, 0, 0, 0, 0, 0, 0, 0, 0, 0, 0, 0, 0, 0, 0, 0, 0, 0, 0, 0, 0, 0, 0, 0, 0, 0, 0, 0, 0, 0, 0, 0, 0, 0, 0, 0, 0, 0, 0, 0, 0, 0, 0, 0, 0, 0, 0, 0, 0, 0, 0, 0, 0, 0, 0, 0, 0, 0, 0, 0, 0, 0, 0, 0, 0, 0, 0, 0, 0]}.
01/27/2025 08:59:45 - INFO - __main__ - *** Evaluate ***
***** eval metrics *****
  eval_runtime            = 0:00:02.64
  eval_samples            =        250
  eval_samples_per_second =     94.579
  eval_steps_per_second   =     12.106
Data generated succesfully
Generating data for encoder 6
BertModel loaded from: transformers.models.bert.modeling_bert
Transformers module loaded from: /media/a40-ko-lab/secondary/sayed/Sayed/torch_sayed/lib/python3.10/site-packages/transformers/__init__.py
01/27/2025 08:59:53 - WARNING - __main__ - Process rank: 0, device: cuda:0, n_gpu: 1, distributed training: False, 16-bits training: False
01/27/2025 08:59:53 - INFO - __main__ - Training/evaluation parameters TrainingArguments(
_n_gpu=1,
accelerator_config={'split_batches': False, 'dispatch_batches': None, 'even_batches': True, 'use_seedable_sampler': True, 'non_blocking': False, 'gradient_accumulation_kwargs': None, 'use_configured_state': False},
adafactor=False,
adam_beta1=0.9,
adam_beta2=0.999,
adam_epsilon=1e-08,
auto_find_batch_size=False,
batch_eval_metrics=False,
bf16=False,
bf16_full_eval=False,
data_seed=None,
dataloader_drop_last=False,
dataloader_num_workers=0,
dataloader_persistent_workers=False,
dataloader_pin_memory=True,
dataloader_prefetch_factor=None,
ddp_backend=None,
ddp_broadcast_buffers=None,
ddp_bucket_cap_mb=None,
ddp_find_unused_parameters=None,
ddp_timeout=1800,
debug=[],
deepspeed=None,
disable_tqdm=False,
dispatch_batches=None,
do_eval=True,
do_predict=False,
do_train=True,
eval_accumulation_steps=None,
eval_delay=0,
eval_do_concat_batches=True,
eval_steps=None,
eval_strategy=no,
evaluation_strategy=None,
fp16=False,
fp16_backend=auto,
fp16_full_eval=False,
fp16_opt_level=O1,
fsdp=[],
fsdp_config={'min_num_params': 0, 'xla': False, 'xla_fsdp_v2': False, 'xla_fsdp_grad_ckpt': False},
fsdp_min_num_params=0,
fsdp_transformer_layer_cls_to_wrap=None,
full_determinism=False,
gradient_accumulation_steps=1,
gradient_checkpointing=False,
gradient_checkpointing_kwargs=None,
greater_is_better=None,
group_by_length=False,
half_precision_backend=auto,
hub_always_push=False,
hub_model_id=None,
hub_private_repo=False,
hub_strategy=every_save,
hub_token=<HUB_TOKEN>,
ignore_data_skip=False,
include_inputs_for_metrics=False,
include_num_input_tokens_seen=False,
include_tokens_per_second=False,
jit_mode_eval=False,
label_names=None,
label_smoothing_factor=0.0,
learning_rate=2e-05,
length_column_name=length,
load_best_model_at_end=False,
local_rank=0,
log_level=passive,
log_level_replica=warning,
log_on_each_node=True,
logging_dir=/tmp/cb/runs/Jan27_08-59-53_a40kolab,
logging_first_step=False,
logging_nan_inf_filter=True,
logging_steps=500,
logging_strategy=steps,
lr_scheduler_kwargs={},
lr_scheduler_type=linear,
max_grad_norm=1.0,
max_steps=-1,
metric_for_best_model=None,
mp_parameters=,
neftune_noise_alpha=None,
no_cuda=False,
num_train_epochs=1.0,
optim=adamw_torch,
optim_args=None,
optim_target_modules=None,
output_dir=/tmp/cb/,
overwrite_output_dir=True,
past_index=-1,
per_device_eval_batch_size=8,
per_device_train_batch_size=32,
prediction_loss_only=False,
push_to_hub=False,
push_to_hub_model_id=None,
push_to_hub_organization=None,
push_to_hub_token=<PUSH_TO_HUB_TOKEN>,
ray_scope=last,
remove_unused_columns=True,
report_to=[],
restore_callback_states_from_checkpoint=False,
resume_from_checkpoint=None,
run_name=/tmp/cb/,
save_on_each_node=False,
save_only_model=False,
save_safetensors=True,
save_steps=500,
save_strategy=steps,
save_total_limit=None,
seed=42,
skip_memory_metrics=True,
split_batches=None,
tf32=None,
torch_compile=False,
torch_compile_backend=None,
torch_compile_mode=None,
torchdynamo=None,
tpu_metrics_debug=False,
tpu_num_cores=None,
use_cpu=False,
use_ipex=False,
use_legacy_prediction_loop=False,
use_mps_device=False,
warmup_ratio=0.0,
warmup_steps=0,
weight_decay=0.0,
)
Loaded dataset from disk
01/27/2025 08:59:53 - INFO - datasets.arrow_dataset - Loading cached processed dataset at /media/a40-ko-lab/secondary/sayed/Sayed/transformers/weight_sharing/modular_superglue/downloads/cb/train/cache-5fd422fa02e617e8.arrow
01/27/2025 08:59:53 - INFO - datasets.arrow_dataset - Loading cached processed dataset at /media/a40-ko-lab/secondary/sayed/Sayed/transformers/weight_sharing/modular_superglue/downloads/cb/train/cache-dc5c65e513e131b5.arrow
01/27/2025 08:59:53 - INFO - datasets.arrow_dataset - Loading cached processed dataset at /media/a40-ko-lab/secondary/sayed/Sayed/transformers/weight_sharing/modular_superglue/downloads/cb/validation/cache-74693fef6d1364a6.arrow
01/27/2025 08:59:53 - INFO - datasets.arrow_dataset - Loading cached processed dataset at /media/a40-ko-lab/secondary/sayed/Sayed/transformers/weight_sharing/modular_superglue/downloads/cb/test/cache-4e67dbb4b0aa1981.arrow
01/27/2025 08:59:53 - INFO - __main__ - Sample 163 of the training set: {'input_ids': [0, 250, 35, 6319, 47, 1432, 14, 182, 203, 50, 6, 163, 35, 23129, 6, 45, 269, 4, 38, 218, 75, 206, 932, 40, 655, 185, 81, 5, 1485, 4, 2, 2, 18891, 40, 185, 81, 5, 1485, 2, 1, 1, 1, 1, 1, 1, 1, 1, 1, 1, 1, 1, 1, 1, 1, 1, 1, 1, 1, 1, 1, 1, 1, 1, 1, 1, 1, 1, 1, 1, 1, 1, 1, 1, 1, 1, 1, 1, 1, 1, 1, 1, 1, 1, 1, 1, 1, 1, 1, 1, 1, 1, 1, 1, 1, 1, 1, 1, 1, 1, 1, 1, 1, 1, 1, 1, 1, 1, 1, 1, 1, 1, 1, 1, 1, 1, 1, 1, 1, 1, 1, 1, 1, 1, 1, 1, 1, 1, 1], 'attention_mask': [1, 1, 1, 1, 1, 1, 1, 1, 1, 1, 1, 1, 1, 1, 1, 1, 1, 1, 1, 1, 1, 1, 1, 1, 1, 1, 1, 1, 1, 1, 1, 1, 1, 1, 1, 1, 1, 1, 1, 0, 0, 0, 0, 0, 0, 0, 0, 0, 0, 0, 0, 0, 0, 0, 0, 0, 0, 0, 0, 0, 0, 0, 0, 0, 0, 0, 0, 0, 0, 0, 0, 0, 0, 0, 0, 0, 0, 0, 0, 0, 0, 0, 0, 0, 0, 0, 0, 0, 0, 0, 0, 0, 0, 0, 0, 0, 0, 0, 0, 0, 0, 0, 0, 0, 0, 0, 0, 0, 0, 0, 0, 0, 0, 0, 0, 0, 0, 0, 0, 0, 0, 0, 0, 0, 0, 0, 0, 0]}.
01/27/2025 08:59:53 - INFO - __main__ - *** Evaluate ***
***** eval metrics *****
  eval_runtime            = 0:00:02.60
  eval_samples            =        250
  eval_samples_per_second =     95.829
  eval_steps_per_second   =     12.266
Data generated succesfully
Generating data for encoder 7
